``base_geometry module``
========================

>>> BaseGeometry = __import__('7-base_geometry').BaseGeometry
>>> bg = BaseGeometry()
>>> bg.area()
Traceback (most recent call last):
...
Exception: area() is not implemented

>>> bg.integer_validator("my_int", 12)
>>> bg.integer_validator("width", 89)
>>> bg.integer_validator("width", -89)
Traceback (most recent call last):
...
ValueError: width must be greater than 0

>>> bg.integer_validator("width", 0)
Traceback (most recent call last):
...
ValueError: width must be greater than 0

>>> bg.integer_validator("width", 'shit')
Traceback (most recent call last):
...
TypeError: width must be an integer

>>> bg.integer_validator("width", True)
Traceback (most recent call last):
...
TypeError: width must be an integer

>>> bg.integer_validator({"a": 1}, (1, 2))
Traceback (most recent call last):
...
TypeError: {'a': 1} must be an integer
